// Jest Snapshot v1, https://goo.gl/fbAQLP

exports[`Avatar renders correctly 1`] = `
<View
  collapsable={false}
>
  <View>
    <View
      accessible={true}
      focusable={true}
      onBlur={[Function]}
      onClick={[Function]}
      onFocus={[Function]}
      onResponderGrant={[Function]}
      onResponderMove={[Function]}
      onResponderRelease={[Function]}
      onResponderTerminate={[Function]}
      onResponderTerminationRequest={[Function]}
      onStartShouldSetResponder={[Function]}
    >
      <Image
        source={
          Object {
            "uri": "imageurl.com",
          }
        }
        style={
          Array [
            Object {
              "borderRadius": 18,
              "height": 36,
              "width": 36,
            },
          ]
        }
        testID="avatar"
      />
    </View>
  </View>
  <Modal
    hardwareAccelerated={false}
    onRequestClose={[Function]}
    supportedOrientations={
      Array [
        "portrait",
        "portrait-upside-down",
        "landscape",
        "landscape-left",
        "landscape-right",
      ]
    }
    transparent={true}
    visible={false}
  >
    <View
      accessible={false}
      focusable={true}
      onClick={[Function]}
      onResponderGrant={[Function]}
      onResponderMove={[Function]}
      onResponderRelease={[Function]}
      onResponderTerminate={[Function]}
      onResponderTerminationRequest={[Function]}
      onStartShouldSetResponder={[Function]}
      style={
        Object {
          "bottom": 0,
          "left": 0,
          "position": "absolute",
          "right": 0,
          "top": 0,
        }
      }
    >
      <View
        onLayout={[Function]}
        style={
          Object {
            "backgroundColor": "white",
            "borderRadius": 4,
            "left": 8,
            "marginTop": 36,
            "opacity": 0,
            "position": "absolute",
            "shadowColor": "black",
            "shadowOffset": Object {
              "height": 2,
              "width": 0,
            },
            "shadowOpacity": 0.14,
            "shadowRadius": 2,
            "top": 8,
            "transform": Array [],
          }
        }
      >
        <View
          style={
            Object {
              "overflow": "hidden",
            }
          }
        >
          <View
            accessible={true}
            focusable={true}
            onClick={[Function]}
            onResponderGrant={[Function]}
            onResponderMove={[Function]}
            onResponderRelease={[Function]}
            onResponderTerminate={[Function]}
            onResponderTerminationRequest={[Function]}
            onStartShouldSetResponder={[Function]}
          >
            <View
              style={
                Array [
                  Object {
                    "height": 48,
                    "justifyContent": "center",
                    "maxWidth": 248,
                    "minWidth": 124,
                  },
                  undefined,
                ]
              }
            >
              <Text
                ellipsizeMode="clip"
                numberOfLines={1}
                style={
                  Array [
                    Object {
                      "fontSize": 14,
                      "fontWeight": "400",
                      "paddingHorizontal": 16,
                      "textAlign": "left",
                    },
                    Object {
                      "color": "#bdbdbd",
                    },
                    undefined,
                  ]
                }
              >
                Configurações
              </Text>
            </View>
          </View>
          <View
            style={
              Array [
                Object {
                  "borderBottomWidth": 0.5,
                  "flex": 1,
                },
                Object {
                  "borderBottomColor": "rgba(0,0,0,0.12)",
                },
              ]
            }
          />
          <View
            accessible={true}
            focusable={true}
            onClick={[Function]}
            onResponderGrant={[Function]}
            onResponderMove={[Function]}
            onResponderRelease={[Function]}
            onResponderTerminate={[Function]}
            onResponderTerminationRequest={[Function]}
            onStartShouldSetResponder={[Function]}
          >
            <View
              style={
                Array [
                  Object {
                    "height": 48,
                    "justifyContent": "center",
                    "maxWidth": 248,
                    "minWidth": 124,
                  },
                  undefined,
                ]
              }
            >
              <Text
                ellipsizeMode="clip"
                numberOfLines={1}
                style={
                  Array [
                    Object {
                      "fontSize": 14,
                      "fontWeight": "400",
                      "paddingHorizontal": 16,
                      "textAlign": "left",
                    },
                    false,
                    undefined,
                  ]
                }
              >
                Sair
              </Text>
            </View>
          </View>
        </View>
      </View>
    </View>
  </Modal>
</View>
`;
